// Jest Snapshot v1, https://goo.gl/fbAQLP

exports[`smee-action exits with a failure if the POST fails 1`] = `"request to https://smee.io/123 failed, reason: 500"`;

exports[`smee-action makes a POST request to smee.io using smeeChannel input 1`] = `
Object {
  "repository": Object {
    "name": "in-a-coffee-shop",
    "owner": Object {
      "login": "JasonEtco",
    },
  },
  "smee-action": Object {
    "action": "GITHUB_ACTION",
    "actor": "GITHUB_ACTOR",
    "event": "GITHUB_EVENT_NAME",
    "ref": "GITHUB_REF",
    "sha": "GITHUB_SHA",
    "workflow": "GITHUB_WORKFLOW",
  },
}
`;

exports[`smee-action makes a POST request to smee.io using the repository's id 1`] = `
Object {
  "repository": Object {
    "name": "in-a-coffee-shop",
    "owner": Object {
      "login": "JasonEtco",
    },
  },
  "smee-action": Object {
    "action": "GITHUB_ACTION",
    "actor": "GITHUB_ACTOR",
    "event": "GITHUB_EVENT_NAME",
    "ref": "GITHUB_REF",
    "sha": "GITHUB_SHA",
    "workflow": "GITHUB_WORKFLOW",
  },
}
`;
