// Jest Snapshot v1, https://goo.gl/fbAQLP

exports[`smee-action makes a POST request to smee.io using the \`channel\` input 1`] = `
Object {
  "repository": Object {
    "name": "in-a-coffee-shop",
    "owner": Object {
      "login": "JasonEtco",
    },
  },
  "smee-action": Object {
    "action": "GITHUB_ACTION",
    "actor": "GITHUB_ACTOR",
    "event": "GITHUB_EVENT_NAME",
    "ref": "GITHUB_REF",
    "run_id": "GITHUB_RUN_ID",
    "sha": "GITHUB_SHA",
    "workflow": "GITHUB_WORKFLOW",
  },
}
`;

exports[`smee-action makes a POST request to smee.io using the repository's owner-name 1`] = `
Object {
  "repository": Object {
    "name": "in-a-coffee-shop",
    "owner": Object {
      "login": "JasonEtco",
    },
  },
  "smee-action": Object {
    "action": "GITHUB_ACTION",
    "actor": "GITHUB_ACTOR",
    "event": "GITHUB_EVENT_NAME",
    "ref": "GITHUB_REF",
    "run_id": "GITHUB_RUN_ID",
    "sha": "GITHUB_SHA",
    "workflow": "GITHUB_WORKFLOW",
  },
}
`;

exports[`smee-action throws if the POST fails 1`] = `"request to https://smee.io/JasonEtco-in-a-coffee-shop failed, reason: 500"`;
